During startup - Warning messages:
1: Setting LC_COLLATE=C.UTF-8 failed 
2: Setting LC_CTYPE=C.UTF-8 failed 
3: Setting LC_MONETARY=C.UTF-8 failed 
4: Setting LC_TIME=C.UTF-8 failed 
Warning messages:
1: package 'data.table' was built under R version 4.5.2 
2: package 'openxlsx' was built under R version 4.5.1 
3: package 'digest' was built under R version 4.5.2 

S1 after SID exclusion:
   sex_name retained_n correlation_min correlation_q1 correlation_median
     <char>      <int>           <num>          <num>              <num>
1:   Female        159      -0.5228805     0.06664742          0.3712138
2:     Male        159      -0.4685474     0.22930503          0.5592051
   correlation_q3 correlation_max BH_q_lt_0_05_n BH_q_lt_0_05_percent
            <num>           <num>          <int>                <num>
1:      0.5586157       0.8350718             43             27.04403
2:      0.7084238       0.8909565             90             56.60377
   significance_changes_vs_full_family
                                 <int>
1:                                   2
2:                                   0

Weighted temporal correlations after SID exclusion:
   sex_name retained_countries estimable_country_age_correlations
     <char>              <int>                              <int>
1:   Female                159                               2703
2:     Male                159                               2703
   correlation_min correlation_q1 correlation_median correlation_q3
             <num>          <num>              <num>          <num>
1:      -0.9833709     -0.3176468         0.12414260      0.5224697
2:      -0.9889594     -0.3920758         0.04132066      0.4732145
   correlation_max
             <num>
1:       0.9938794
2:       0.9883928

Age-profile robustness:
Key: <sex_name>
   sex_name estimable_age_groups Pearson_r_of_age_specific_medians
     <char>                <int>                             <num>
1:   Female                   17                         0.8827347
2:     Male                   17                         0.9413136
   median_absolute_change_in_age_median max_absolute_change_in_age_median
                                  <num>                             <num>
1:                           0.03640824                        0.09725390
2:                           0.01463641                        0.08393157
   sign_agreement_age_medians_n sign_agreement_age_medians_percent
                          <int>                              <num>
1:                           17                                100
2:                           17                                100
